// Jest Snapshot v1, https://goo.gl/fbAQLP

exports[`<SharedVideo /> matches snapshot 1`] = `
{
  "asFragment": [Function],
  "baseElement": <body>
    <div>
      <div
        class="max-w-sm w-full lg:max-w-full lg:flex border border-blue-200 lg:border-0 lg:mb-4 bg-blue-100 mx-auto lg:mx-4"
      >
        <div
          class="h-48 w-full lg:w-80 lg:h-full flex-none text-center overflow-hidden"
        >
          <p>
            html_text
          </p>
        </div>
        <div
          class="p-4 flex flex-col justify-between leading-normal"
        >
          <div
            class="mb-8"
          >
            <div
              class="text-gray-900 font-bold text-xl mb-2"
            >
              title
            </div>
            <p
              class="text-gray-700 text-base"
            >
              desc
            </p>
          </div>
          <div
            class="flex items-center"
          >
            <div
              class="text-sm"
            >
              <p
                class="text-gray-600 leading-none"
              >
                Shared by 
              </p>
            </div>
          </div>
        </div>
      </div>
    </div>
  </body>,
  "container": <div>
    <div
      class="max-w-sm w-full lg:max-w-full lg:flex border border-blue-200 lg:border-0 lg:mb-4 bg-blue-100 mx-auto lg:mx-4"
    >
      <div
        class="h-48 w-full lg:w-80 lg:h-full flex-none text-center overflow-hidden"
      >
        <p>
          html_text
        </p>
      </div>
      <div
        class="p-4 flex flex-col justify-between leading-normal"
      >
        <div
          class="mb-8"
        >
          <div
            class="text-gray-900 font-bold text-xl mb-2"
          >
            title
          </div>
          <p
            class="text-gray-700 text-base"
          >
            desc
          </p>
        </div>
        <div
          class="flex items-center"
        >
          <div
            class="text-sm"
          >
            <p
              class="text-gray-600 leading-none"
            >
              Shared by 
            </p>
          </div>
        </div>
      </div>
    </div>
  </div>,
  "debug": [Function],
  "findAllByAltText": [Function],
  "findAllByDisplayValue": [Function],
  "findAllByLabelText": [Function],
  "findAllByPlaceholderText": [Function],
  "findAllByRole": [Function],
  "findAllByTestId": [Function],
  "findAllByText": [Function],
  "findAllByTitle": [Function],
  "findByAltText": [Function],
  "findByDisplayValue": [Function],
  "findByLabelText": [Function],
  "findByPlaceholderText": [Function],
  "findByRole": [Function],
  "findByTestId": [Function],
  "findByText": [Function],
  "findByTitle": [Function],
  "getAllByAltText": [Function],
  "getAllByDisplayValue": [Function],
  "getAllByLabelText": [Function],
  "getAllByPlaceholderText": [Function],
  "getAllByRole": [Function],
  "getAllByTestId": [Function],
  "getAllByText": [Function],
  "getAllByTitle": [Function],
  "getByAltText": [Function],
  "getByDisplayValue": [Function],
  "getByLabelText": [Function],
  "getByPlaceholderText": [Function],
  "getByRole": [Function],
  "getByTestId": [Function],
  "getByText": [Function],
  "getByTitle": [Function],
  "queryAllByAltText": [Function],
  "queryAllByDisplayValue": [Function],
  "queryAllByLabelText": [Function],
  "queryAllByPlaceholderText": [Function],
  "queryAllByRole": [Function],
  "queryAllByTestId": [Function],
  "queryAllByText": [Function],
  "queryAllByTitle": [Function],
  "queryByAltText": [Function],
  "queryByDisplayValue": [Function],
  "queryByLabelText": [Function],
  "queryByPlaceholderText": [Function],
  "queryByRole": [Function],
  "queryByTestId": [Function],
  "queryByText": [Function],
  "queryByTitle": [Function],
  "rerender": [Function],
  "unmount": [Function],
}
`;
