// Jest Snapshot v1, https://goo.gl/fbAQLP

exports[`<UserAction /> matches snapshot 1`] = `
{
  "asFragment": [Function],
  "baseElement": <body>
    <div>
      <div
        class="flex justify-between gap-2 flex-wrap"
      >
        <p
          class="text-md text-white leading-8 mr-2"
        >
          Welcome 
        </p>
        <div
          class="flex gap-2"
        >
          <button
            class="bg-blue-500 text-white py-1 px-4 rounded-sm border cursor-pointer whitespace-nowrap hover:bg-blue-700 hover:border-transparent"
          >
            Share a movie
          </button>
          <button
            class="bg-blue-500 text-white py-1 px-4 rounded-sm border cursor-pointer whitespace-nowrap hover:bg-blue-700 hover:border-transparent"
          >
            Logout
          </button>
        </div>
      </div>
    </div>
  </body>,
  "container": <div>
    <div
      class="flex justify-between gap-2 flex-wrap"
    >
      <p
        class="text-md text-white leading-8 mr-2"
      >
        Welcome 
      </p>
      <div
        class="flex gap-2"
      >
        <button
          class="bg-blue-500 text-white py-1 px-4 rounded-sm border cursor-pointer whitespace-nowrap hover:bg-blue-700 hover:border-transparent"
        >
          Share a movie
        </button>
        <button
          class="bg-blue-500 text-white py-1 px-4 rounded-sm border cursor-pointer whitespace-nowrap hover:bg-blue-700 hover:border-transparent"
        >
          Logout
        </button>
      </div>
    </div>
  </div>,
  "debug": [Function],
  "findAllByAltText": [Function],
  "findAllByDisplayValue": [Function],
  "findAllByLabelText": [Function],
  "findAllByPlaceholderText": [Function],
  "findAllByRole": [Function],
  "findAllByTestId": [Function],
  "findAllByText": [Function],
  "findAllByTitle": [Function],
  "findByAltText": [Function],
  "findByDisplayValue": [Function],
  "findByLabelText": [Function],
  "findByPlaceholderText": [Function],
  "findByRole": [Function],
  "findByTestId": [Function],
  "findByText": [Function],
  "findByTitle": [Function],
  "getAllByAltText": [Function],
  "getAllByDisplayValue": [Function],
  "getAllByLabelText": [Function],
  "getAllByPlaceholderText": [Function],
  "getAllByRole": [Function],
  "getAllByTestId": [Function],
  "getAllByText": [Function],
  "getAllByTitle": [Function],
  "getByAltText": [Function],
  "getByDisplayValue": [Function],
  "getByLabelText": [Function],
  "getByPlaceholderText": [Function],
  "getByRole": [Function],
  "getByTestId": [Function],
  "getByText": [Function],
  "getByTitle": [Function],
  "queryAllByAltText": [Function],
  "queryAllByDisplayValue": [Function],
  "queryAllByLabelText": [Function],
  "queryAllByPlaceholderText": [Function],
  "queryAllByRole": [Function],
  "queryAllByTestId": [Function],
  "queryAllByText": [Function],
  "queryAllByTitle": [Function],
  "queryByAltText": [Function],
  "queryByDisplayValue": [Function],
  "queryByLabelText": [Function],
  "queryByPlaceholderText": [Function],
  "queryByRole": [Function],
  "queryByTestId": [Function],
  "queryByText": [Function],
  "queryByTitle": [Function],
  "rerender": [Function],
  "unmount": [Function],
}
`;
